// Jest Snapshot v1, https://goo.gl/fbAQLP

exports[`Counter Click event render correctly 1`] = `
<div>
  <span
    class="count"
  >
    1
  </span>
   
  <button>
    Increment
  </button>
</div>
`;

exports[`Counter render correctly 1`] = `
<div>
  <span
    class="count"
  >
    0
  </span>
   
  <button>
    Increment
  </button>
</div>
`;
